<?xml version="1.0" encoding="UTF-8"?>
<testng-results ignored="0" total="12" passed="12" failed="0" skipped="0">
  <reporter-output>
  </reporter-output>
  <suite started-at="2024-03-01T21:01:14 IST" name="Test case suite e-commerce application - QTRIP" finished-at="2024-03-01T21:14:52 IST" duration-ms="818491">
    <groups>
      <group name="Booking and Cancellation Flow">
        <method signature="TestCase_03.TestCase03(java.lang.String,java.lang.String,java.lang.String,java.lang.String,java.lang.String,java.lang.String,java.lang.String)[pri:3, instance:qtriptest.tests.TestCase_03@72c8e7b]" name="TestCase03" class="qtriptest.tests.TestCase_03"/>
      </group> <!-- Booking and Cancellation Flow -->
      <group name="Reliability Flow">
        <method signature="TestCase_04.TestCase04(java.lang.String,java.lang.String,java.lang.String,java.lang.String,java.lang.String)[pri:4, instance:qtriptest.tests.TestCase_04@790da477]" name="TestCase04" class="qtriptest.tests.TestCase_04"/>
      </group> <!-- Reliability Flow -->
      <group name="Search and Filter flow">
        <method signature="TestCase_02.TestCase02(java.lang.String,java.lang.String,java.lang.String,java.lang.String,java.lang.String)[pri:2, instance:qtriptest.tests.TestCase_02@15a34df2]" name="TestCase02" class="qtriptest.tests.TestCase_02"/>
      </group> <!-- Search and Filter flow -->
      <group name="Login Flow">
        <method signature="TestCase_01.TestCase01(java.lang.String,java.lang.String)[pri:1, instance:qtriptest.tests.TestCase_01@7ce69770]" name="TestCase01" class="qtriptest.tests.TestCase_01"/>
      </group> <!-- Login Flow -->
    </groups>
    <test started-at="2024-03-01T21:01:14 IST" name="testCase_01" finished-at="2024-03-01T21:02:05 IST" duration-ms="51498">
      <class name="qtriptest.tests.TestCase_01">
        <test-method signature="TestCase01(java.lang.String,java.lang.String)[pri:1, instance:qtriptest.tests.TestCase_01@7ce69770]" started-at="2024-03-01T21:01:16 IST" name="TestCase01" data-provider="userOnboardDataFlow" finished-at="2024-03-01T21:01:33 IST" duration-ms="16872" status="PASS">
          <params>
            <param index="0">
              <value>
                <![CDATA[testuser@gmail.com]]>
              </value>
            </param>
            <param index="1">
              <value>
                <![CDATA[abc@123]]>
              </value>
            </param>
          </params>
          <reporter-output>
          </reporter-output>
        </test-method> <!-- TestCase01 -->
        <test-method signature="TestCase01(java.lang.String,java.lang.String)[pri:1, instance:qtriptest.tests.TestCase_01@7ce69770]" started-at="2024-03-01T21:01:33 IST" name="TestCase01" data-provider="userOnboardDataFlow" finished-at="2024-03-01T21:01:49 IST" duration-ms="16076" status="PASS">
          <params>
            <param index="0">
              <value>
                <![CDATA[TESTUSER@gmail.com]]>
              </value>
            </param>
            <param index="1">
              <value>
                <![CDATA[123456.0]]>
              </value>
            </param>
          </params>
          <reporter-output>
          </reporter-output>
        </test-method> <!-- TestCase01 -->
        <test-method signature="TestCase01(java.lang.String,java.lang.String)[pri:1, instance:qtriptest.tests.TestCase_01@7ce69770]" started-at="2024-03-01T21:01:49 IST" name="TestCase01" data-provider="userOnboardDataFlow" finished-at="2024-03-01T21:02:05 IST" duration-ms="15865" status="PASS">
          <params>
            <param index="0">
              <value>
                <![CDATA[123_USER_low@gmail.com]]>
              </value>
            </param>
            <param index="1">
              <value>
                <![CDATA[QWERTY!!!!]]>
              </value>
            </param>
          </params>
          <reporter-output>
          </reporter-output>
        </test-method> <!-- TestCase01 -->
      </class> <!-- qtriptest.tests.TestCase_01 -->
    </test> <!-- testCase_01 -->
    <test started-at="2024-03-01T21:02:05 IST" name="testCase_02" finished-at="2024-03-01T21:03:46 IST" duration-ms="100375">
      <class name="qtriptest.tests.TestCase_02">
        <test-method signature="TestCase02(java.lang.String,java.lang.String,java.lang.String,java.lang.String,java.lang.String)[pri:2, instance:qtriptest.tests.TestCase_02@15a34df2]" started-at="2024-03-01T21:02:05 IST" name="TestCase02" data-provider="userOnboardDataFlow" finished-at="2024-03-01T21:02:39 IST" duration-ms="33312" status="PASS">
          <params>
            <param index="0">
              <value>
                <![CDATA[Bengaluru]]>
              </value>
            </param>
            <param index="1">
              <value>
                <![CDATA[Cycling Routes]]>
              </value>
            </param>
            <param index="2">
              <value>
                <![CDATA[6-12 Hours]]>
              </value>
            </param>
            <param index="3">
              <value>
                <![CDATA[1]]>
              </value>
            </param>
            <param index="4">
              <value>
                <![CDATA[9]]>
              </value>
            </param>
          </params>
          <reporter-output>
          </reporter-output>
        </test-method> <!-- TestCase02 -->
        <test-method signature="TestCase02(java.lang.String,java.lang.String,java.lang.String,java.lang.String,java.lang.String)[pri:2, instance:qtriptest.tests.TestCase_02@15a34df2]" started-at="2024-03-01T21:02:39 IST" name="TestCase02" data-provider="userOnboardDataFlow" finished-at="2024-03-01T21:03:12 IST" duration-ms="33501" status="PASS">
          <params>
            <param index="0">
              <value>
                <![CDATA[Singapore]]>
              </value>
            </param>
            <param index="1">
              <value>
                <![CDATA[Hillside Getaways]]>
              </value>
            </param>
            <param index="2">
              <value>
                <![CDATA[6-12 Hours]]>
              </value>
            </param>
            <param index="3">
              <value>
                <![CDATA[1]]>
              </value>
            </param>
            <param index="4">
              <value>
                <![CDATA[8]]>
              </value>
            </param>
          </params>
          <reporter-output>
          </reporter-output>
        </test-method> <!-- TestCase02 -->
        <test-method signature="TestCase02(java.lang.String,java.lang.String,java.lang.String,java.lang.String,java.lang.String)[pri:2, instance:qtriptest.tests.TestCase_02@15a34df2]" started-at="2024-03-01T21:03:12 IST" name="TestCase02" data-provider="userOnboardDataFlow" finished-at="2024-03-01T21:03:46 IST" duration-ms="33383" status="PASS">
          <params>
            <param index="0">
              <value>
                <![CDATA[Goa]]>
              </value>
            </param>
            <param index="1">
              <value>
                <![CDATA[Party Spots]]>
              </value>
            </param>
            <param index="2">
              <value>
                <![CDATA[2-6 Hours]]>
              </value>
            </param>
            <param index="3">
              <value>
                <![CDATA[1]]>
              </value>
            </param>
            <param index="4">
              <value>
                <![CDATA[11]]>
              </value>
            </param>
          </params>
          <reporter-output>
          </reporter-output>
        </test-method> <!-- TestCase02 -->
      </class> <!-- qtriptest.tests.TestCase_02 -->
    </test> <!-- testCase_02 -->
    <test started-at="2024-03-01T21:03:46 IST" name="testCase_03" finished-at="2024-03-01T21:06:55 IST" duration-ms="189566">
      <class name="qtriptest.tests.TestCase_03">
        <test-method signature="TestCase03(java.lang.String,java.lang.String,java.lang.String,java.lang.String,java.lang.String,java.lang.String,java.lang.String)[pri:3, instance:qtriptest.tests.TestCase_03@72c8e7b]" started-at="2024-03-01T21:03:46 IST" name="TestCase03" data-provider="userOnboardDataFlow" finished-at="2024-03-01T21:04:49 IST" duration-ms="63378" status="PASS">
          <params>
            <param index="0">
              <value>
                <![CDATA[TC3_1@gmaill.com]]>
              </value>
            </param>
            <param index="1">
              <value>
                <![CDATA[abc@123]]>
              </value>
            </param>
            <param index="2">
              <value>
                <![CDATA[Bengaluru]]>
              </value>
            </param>
            <param index="3">
              <value>
                <![CDATA[Niaboytown]]>
              </value>
            </param>
            <param index="4">
              <value>
                <![CDATA[palam]]>
              </value>
            </param>
            <param index="5">
              <value>
                <![CDATA[16-11-2025]]>
              </value>
            </param>
            <param index="6">
              <value>
                <![CDATA[2]]>
              </value>
            </param>
          </params>
          <reporter-output>
          </reporter-output>
        </test-method> <!-- TestCase03 -->
        <test-method signature="TestCase03(java.lang.String,java.lang.String,java.lang.String,java.lang.String,java.lang.String,java.lang.String,java.lang.String)[pri:3, instance:qtriptest.tests.TestCase_03@72c8e7b]" started-at="2024-03-01T21:04:49 IST" name="TestCase03" data-provider="userOnboardDataFlow" finished-at="2024-03-01T21:05:52 IST" duration-ms="62971" status="PASS">
          <params>
            <param index="0">
              <value>
                <![CDATA[TC3_2@gmail.com]]>
              </value>
            </param>
            <param index="1">
              <value>
                <![CDATA[abc@123]]>
              </value>
            </param>
            <param index="2">
              <value>
                <![CDATA[Singapore]]>
              </value>
            </param>
            <param index="3">
              <value>
                <![CDATA[Grand Ashland]]>
              </value>
            </param>
            <param index="4">
              <value>
                <![CDATA[biden]]>
              </value>
            </param>
            <param index="5">
              <value>
                <![CDATA[26-11-2025]]>
              </value>
            </param>
            <param index="6">
              <value>
                <![CDATA[4]]>
              </value>
            </param>
          </params>
          <reporter-output>
          </reporter-output>
        </test-method> <!-- TestCase03 -->
        <test-method signature="TestCase03(java.lang.String,java.lang.String,java.lang.String,java.lang.String,java.lang.String,java.lang.String,java.lang.String)[pri:3, instance:qtriptest.tests.TestCase_03@72c8e7b]" started-at="2024-03-01T21:05:52 IST" name="TestCase03" data-provider="userOnboardDataFlow" finished-at="2024-03-01T21:06:55 IST" duration-ms="63116" status="PASS">
          <params>
            <param index="0">
              <value>
                <![CDATA[TC3_3@gmail.com]]>
              </value>
            </param>
            <param index="1">
              <value>
                <![CDATA[abc@123]]>
              </value>
            </param>
            <param index="2">
              <value>
                <![CDATA[Bangkok]]>
              </value>
            </param>
            <param index="3">
              <value>
                <![CDATA[Tifwales Ferry]]>
              </value>
            </param>
            <param index="4">
              <value>
                <![CDATA[prabhu]]>
              </value>
            </param>
            <param index="5">
              <value>
                <![CDATA[26-12-2025]]>
              </value>
            </param>
            <param index="6">
              <value>
                <![CDATA[1]]>
              </value>
            </param>
          </params>
          <reporter-output>
          </reporter-output>
        </test-method> <!-- TestCase03 -->
      </class> <!-- qtriptest.tests.TestCase_03 -->
    </test> <!-- testCase_03 -->
    <test started-at="2024-03-01T21:06:55 IST" name="testCase_04" finished-at="2024-03-01T21:14:52 IST" duration-ms="476972">
      <class name="qtriptest.tests.TestCase_03">
        <test-method is-config="true" signature="createDriver()[pri:0, instance:qtriptest.tests.TestCase_03@72c8e7b]" started-at="2024-03-01T21:01:13 IST" name="createDriver" finished-at="2024-03-01T21:01:13 IST" duration-ms="52" status="PASS">
          <reporter-output>
          </reporter-output>
        </test-method> <!-- createDriver -->
      </class> <!-- qtriptest.tests.TestCase_03 -->
      <class name="qtriptest.tests.TestCase_02">
        <test-method is-config="true" signature="createDriver()[pri:0, instance:qtriptest.tests.TestCase_02@15a34df2]" started-at="2024-03-01T21:01:13 IST" name="createDriver" finished-at="2024-03-01T21:01:13 IST" duration-ms="63" status="PASS">
          <reporter-output>
          </reporter-output>
        </test-method> <!-- createDriver -->
      </class> <!-- qtriptest.tests.TestCase_02 -->
      <class name="qtriptest.tests.TestCase_04">
        <test-method is-config="true" signature="createDriver()[pri:0, instance:qtriptest.tests.TestCase_04@790da477]" started-at="2024-03-01T21:01:13 IST" name="createDriver" finished-at="2024-03-01T21:01:14 IST" duration-ms="211" status="PASS">
          <reporter-output>
          </reporter-output>
        </test-method> <!-- createDriver -->
        <test-method signature="TestCase04(java.lang.String,java.lang.String,java.lang.String,java.lang.String,java.lang.String)[pri:4, instance:qtriptest.tests.TestCase_04@790da477]" started-at="2024-03-01T21:06:55 IST" name="TestCase04" data-provider="userOnboardDataFlow" finished-at="2024-03-01T21:09:35 IST" duration-ms="159393" status="PASS">
          <params>
            <param index="0">
              <value>
                <![CDATA[TC4_1@gmail.com]]>
              </value>
            </param>
            <param index="1">
              <value>
                <![CDATA[abc@123]]>
              </value>
            </param>
            <param index="2">
              <value>
                <![CDATA[Bengaluru;Niaboytown;Chicky;01-01-2025;2]]>
              </value>
            </param>
            <param index="3">
              <value>
                <![CDATA[Kolkata;Thton;Cha Cha;01-02-2025;3]]>
              </value>
            </param>
            <param index="4">
              <value>
                <![CDATA[Malaysia;Wootkentree;Bom Bom;02-12-2025;1]]>
              </value>
            </param>
          </params>
          <reporter-output>
          </reporter-output>
        </test-method> <!-- TestCase04 -->
        <test-method signature="TestCase04(java.lang.String,java.lang.String,java.lang.String,java.lang.String,java.lang.String)[pri:4, instance:qtriptest.tests.TestCase_04@790da477]" started-at="2024-03-01T21:09:35 IST" name="TestCase04" data-provider="userOnboardDataFlow" finished-at="2024-03-01T21:12:14 IST" duration-ms="158872" status="PASS">
          <params>
            <param index="0">
              <value>
                <![CDATA[TC4_2@gmail.com]]>
              </value>
            </param>
            <param index="1">
              <value>
                <![CDATA[abc@321]]>
              </value>
            </param>
            <param index="2">
              <value>
                <![CDATA[Bengaluru;Fort Sionnnn;Chicky;01-01-2025;2]]>
              </value>
            </param>
            <param index="3">
              <value>
                <![CDATA[Kolkata;North Gelgoon;Cha Cha;01-02-2025;3]]>
              </value>
            </param>
            <param index="4">
              <value>
                <![CDATA[Malaysia;Wootkentree;Lya;02-12-2025;1]]>
              </value>
            </param>
          </params>
          <reporter-output>
          </reporter-output>
        </test-method> <!-- TestCase04 -->
        <test-method signature="TestCase04(java.lang.String,java.lang.String,java.lang.String,java.lang.String,java.lang.String)[pri:4, instance:qtriptest.tests.TestCase_04@790da477]" started-at="2024-03-01T21:12:14 IST" name="TestCase04" data-provider="userOnboardDataFlow" finished-at="2024-03-01T21:14:52 IST" duration-ms="158604" status="PASS">
          <params>
            <param index="0">
              <value>
                <![CDATA[TC4_3@gmail.com]]>
              </value>
            </param>
            <param index="1">
              <value>
                <![CDATA[abc@321]]>
              </value>
            </param>
            <param index="2">
              <value>
                <![CDATA[Goa;Perthby;Chicky;01-01-2025;2]]>
              </value>
            </param>
            <param index="3">
              <value>
                <![CDATA[Bengaluru;Niaboytown;Chicky;01-01-2025;2]]>
              </value>
            </param>
            <param index="4">
              <value>
                <![CDATA[Bengaluru;Fort Sionnnn;Chicky;01-01-2025;2]]>
              </value>
            </param>
          </params>
          <reporter-output>
          </reporter-output>
        </test-method> <!-- TestCase04 -->
      </class> <!-- qtriptest.tests.TestCase_04 -->
      <class name="qtriptest.tests.TestCase_01">
        <test-method is-config="true" signature="createDriver()[pri:0, instance:qtriptest.tests.TestCase_01@7ce69770]" started-at="2024-03-01T21:01:09 IST" name="createDriver" finished-at="2024-03-01T21:01:13 IST" duration-ms="4334" status="PASS">
          <reporter-output>
          </reporter-output>
        </test-method> <!-- createDriver -->
        <test-method is-config="true" signature="quitDriver()[pri:0, instance:qtriptest.tests.TestCase_01@7ce69770]" started-at="2024-03-01T21:14:52 IST" name="quitDriver" finished-at="2024-03-01T21:14:53 IST" duration-ms="609" status="PASS">
          <reporter-output>
          </reporter-output>
        </test-method> <!-- quitDriver -->
      </class> <!-- qtriptest.tests.TestCase_01 -->
    </test> <!-- testCase_04 -->
  </suite> <!-- Test case suite e-commerce application - QTRIP -->
</testng-results>
